2025-09-03 11:23:57.547 - INFO - MAIN - Application started
2025-09-03 11:23:57.578 - INFO - MAIN - Successfully creating consumer for queue: event_handler.events
2025-09-03 11:23:57.583 - INFO - 832220ec-5677-46c6-94d8-c035c7c0dd43 - Received message: {"event_id":"66dec785-cd42-4a63-a67b-74f76cf23d55","sender_jid":"6289513689096:46@s.whatsapp.net","event_type":"connected","timestamp":"2025-09-03T11:21:56.355423199+07:00","data":{"status":"connected"}}
2025-09-03 11:23:57.584 - INFO - 11d520b6-c7da-43d8-87cc-095309ada979 - Received message: {"event_id":"382ef459-6733-4f6f-8202-8911a50e29b9","sender_jid":"6289685227426:16@s.whatsapp.net","event_type":"connected","timestamp":"2025-09-03T11:21:56.887413751+07:00","data":{"status":"connected"}}
2025-09-03 11:23:57.584 - INFO - 3892da2f-2a52-4614-91a6-5ab8e848565a - Received message: {"event_id":"35f6b925-c246-426b-bb30-eb7826e2fa26","sender_jid":"6289685227426:16@s.whatsapp.net","event_type":"connected","timestamp":"2025-09-02T22:08:07.768122719+07:00","data":{"status":"connected"}}
2025-09-03 11:23:57.584 - INFO - MAIN - Successfully creating consumer for queue: message.events
2025-09-03 11:23:57.587 - INFO - MAIN - Successfully creating consumer for queue: qr_handler.events
2025-09-03 11:23:57.594 - INFO - 3892da2f-2a52-4614-91a6-5ab8e848565a - Message acknowledged
2025-09-03 11:23:57.595 - INFO - 11d520b6-c7da-43d8-87cc-095309ada979 - Message acknowledged
2025-09-03 11:23:58.252 - INFO - 832220ec-5677-46c6-94d8-c035c7c0dd43 - Message acknowledged
2025-09-03 11:24:59.273 - INFO - MAIN - Receiving signal: interrupt
2025-09-03 11:24:59.279 - INFO - MAIN - Successfully stop Application.
2025-09-03 11:25:06.614 - INFO - MAIN - Application started
2025-09-03 11:25:06.622 - INFO - MAIN - Successfully creating consumer for queue: event_handler.events
2025-09-03 11:25:06.624 - INFO - MAIN - Successfully creating consumer for queue: message.events
2025-09-03 11:25:06.626 - INFO - MAIN - Successfully creating consumer for queue: qr_handler.events
2025-09-03 11:25:24.082 - INFO - ea0ea7bf-2118-4e6c-a88d-6a50f52dca24 - Received message: {"event_id":"59ccc393-ffa5-4487-9df1-aac6c0ffa47e","sender_jid":"6289513689096:46@s.whatsapp.net","event_type":"connected","timestamp":"2025-09-03T11:25:24.081114859+07:00","data":{"status":"connected"}}
2025-09-03 11:25:24.260 - INFO - ea0ea7bf-2118-4e6c-a88d-6a50f52dca24 - Message acknowledged
2025-09-03 11:25:25.120 - INFO - 1591a940-52a5-4d23-aa06-0f2c3fe3f4cf - Received message: {"event_id":"a65b133b-0169-4b3f-ac07-3076817d8eb2","sender_jid":"6289685227426:16@s.whatsapp.net","event_type":"connected","timestamp":"2025-09-03T11:25:25.119468806+07:00","data":{"status":"connected"}}
2025-09-03 11:25:25.193 - INFO - 1591a940-52a5-4d23-aa06-0f2c3fe3f4cf - Message acknowledged
2025-09-03 11:26:33.239 - INFO - 065b5951-112f-40dc-aab8-eb0dd1e2a104 - Received message: {"event_id":"f5b897a4-9548-4d86-add8-712bbe5534eb","sender_jid":"cf93d43c-6c70-4739-a73a-7beee236a1b6@s.whatsapp.net","event_type":"qr","timestamp":"2025-09-03T11:26:33.238596127+07:00","data":{"code":"2@txQfpCaF5JneseWgKKug8LMYEQHX6Utr7b0FJUaepZs7vwaW5+YumTHp0yhPilGDwm2JOg+ZRk6XAldCUkt8tZ0HvOrLXp3OoBo=,gYmAsEsg2M4TR2OyOAAV5qjtqqWz5X9aYZPprDS4zh8=,tDrpWoavrMVyTIkXvn6SqMU88HHYv89YRhfjDZ0TS3c=,rdb1S0J32w0zScxcAz6/lW+/iKwK2Xj5wi7G5w32ARA="}}
2025-09-03 11:26:33.239 - INFO - 1cd09b03-7da4-407d-adc3-9de94788e0e3 - Received message: {"event_id":"e02eb51f-38aa-4bc9-804f-bfba4da5c927","sender_jid":"cf93d43c-6c70-4739-a73a-7beee236a1b6@s.whatsapp.net","event_type":"qr","timestamp":"2025-09-03T11:26:33.237654734+07:00","data":{"code":"2@txQfpCaF5JneseWgKKug8LMYEQHX6Utr7b0FJUaepZs7vwaW5+YumTHp0yhPilGDwm2JOg+ZRk6XAldCUkt8tZ0HvOrLXp3OoBo=,gYmAsEsg2M4TR2OyOAAV5qjtqqWz5X9aYZPprDS4zh8=,tDrpWoavrMVyTIkXvn6SqMU88HHYv89YRhfjDZ0TS3c=,rdb1S0J32w0zScxcAz6/lW+/iKwK2Xj5wi7G5w32ARA="}}
2025-09-03 11:26:33.244 - INFO - 1cd09b03-7da4-407d-adc3-9de94788e0e3 - Message acknowledged
2025-09-03 11:26:33.320 - INFO - 065b5951-112f-40dc-aab8-eb0dd1e2a104 - Message acknowledged
2025-09-03 11:27:02.532 - INFO - MAIN - Receiving signal: interrupt
2025-09-03 11:27:02.534 - INFO - MAIN - Successfully stop Application.
2025-09-03 11:27:09.860 - INFO - MAIN - Application started
2025-09-03 11:27:09.865 - INFO - MAIN - Successfully creating consumer for queue: event_handler.events
2025-09-03 11:27:09.868 - INFO - MAIN - Successfully creating consumer for queue: message.events
2025-09-03 11:27:09.873 - INFO - MAIN - Successfully creating consumer for queue: qr_handler.events
2025-09-03 11:27:33.242 - INFO - e51aedc1-f667-4a12-af15-8113583ee47c - Received message: {"event_id":"934f93c3-ea26-45b9-bdb9-4fdc3aac2e92","sender_jid":"cf93d43c-6c70-4739-a73a-7beee236a1b6@s.whatsapp.net","event_type":"qr","timestamp":"2025-09-03T11:27:33.239759937+07:00","data":{"code":"2@Gb88gl73TYdJnNdYBOx/llKeg7Y1JxrBQAs+hxF1apaAWtExLjXSAZRIRNz7FdBdX0U8BmDyBn2gJixRHYpBV07YeTpWhZAcfSs=,gYmAsEsg2M4TR2OyOAAV5qjtqqWz5X9aYZPprDS4zh8=,tDrpWoavrMVyTIkXvn6SqMU88HHYv89YRhfjDZ0TS3c=,rdb1S0J32w0zScxcAz6/lW+/iKwK2Xj5wi7G5w32ARA="}}
2025-09-03 11:27:33.419 - INFO - e51aedc1-f667-4a12-af15-8113583ee47c - Message acknowledged
2025-09-03 11:27:53.241 - INFO - 922dd629-49d7-44de-b322-d0c9c1c5f647 - Received message: {"event_id":"8fc13ff9-0328-4182-b643-27213b5d8bdf","sender_jid":"cf93d43c-6c70-4739-a73a-7beee236a1b6@s.whatsapp.net","event_type":"qr","timestamp":"2025-09-03T11:27:53.240462304+07:00","data":{"code":"2@5+hvlt/l7yPX/lKZyq/MuZ7MSv98FkeBJo9+w61MlTyH4Vdb2E4jZkMMFgE0rDYDjFxDP7XPVqdLeXDhNfX10t5vZUGtoYPBWNE=,gYmAsEsg2M4TR2OyOAAV5qjtqqWz5X9aYZPprDS4zh8=,tDrpWoavrMVyTIkXvn6SqMU88HHYv89YRhfjDZ0TS3c=,rdb1S0J32w0zScxcAz6/lW+/iKwK2Xj5wi7G5w32ARA="}}
2025-09-03 11:27:53.343 - INFO - 922dd629-49d7-44de-b322-d0c9c1c5f647 - Message acknowledged
2025-09-03 11:28:19.584 - INFO - a926002a-17fa-4c23-9584-0c30b1a35c45 - Received message: {"event_id":"f5ee0288-0ff6-4b71-9c44-bf0ab86f1fdd","sender_jid":"cf93d43c-6c70-4739-a73a-7beee236a1b6@s.whatsapp.net","event_type":"qr","timestamp":"2025-09-03T11:28:19.58304849+07:00","data":{"code":"2@FH9mOQbWH2sr8/s9XDHMQeLNBhyyUs1wuwQyjYzsHHVmbYI0BdJb9gUsDeW+OlvFJdL8HxhkTbDoYKI151EbOOnOUiit2Pfz2EA=,oW3l9pZm3WhWhXsY5CLSsMZKBJzlDYSqgW1M/YZZVRc=,lquEgc9IbBbmz3iKS7rfdg3Z7/xSpn/MXqjqsC1apEo=,tTDKfg+0C2/2ulPY2djhEAyG+poSzVdFrqSrU3/pBz0="}}
2025-09-03 11:28:19.584 - INFO - 5a3aeff8-bf88-4e9d-bbeb-fc6cf2c72bea - Received message: {"event_id":"b6c30434-0c2e-4cc3-abbf-a1c1b161a0d3","sender_jid":"cf93d43c-6c70-4739-a73a-7beee236a1b6@s.whatsapp.net","event_type":"qr","timestamp":"2025-09-03T11:28:19.58383307+07:00","data":{"code":"2@FH9mOQbWH2sr8/s9XDHMQeLNBhyyUs1wuwQyjYzsHHVmbYI0BdJb9gUsDeW+OlvFJdL8HxhkTbDoYKI151EbOOnOUiit2Pfz2EA=,oW3l9pZm3WhWhXsY5CLSsMZKBJzlDYSqgW1M/YZZVRc=,lquEgc9IbBbmz3iKS7rfdg3Z7/xSpn/MXqjqsC1apEo=,tTDKfg+0C2/2ulPY2djhEAyG+poSzVdFrqSrU3/pBz0="}}
2025-09-03 11:28:19.591 - INFO - 5a3aeff8-bf88-4e9d-bbeb-fc6cf2c72bea - Message acknowledged
2025-09-03 11:28:19.685 - INFO - a926002a-17fa-4c23-9584-0c30b1a35c45 - Message acknowledged
2025-09-03 11:29:19.587 - INFO - 0793174e-f6dd-4811-bc58-40d7dd19015f - Received message: {"event_id":"71df9e67-c822-475c-a462-ae2e1d39673d","sender_jid":"cf93d43c-6c70-4739-a73a-7beee236a1b6@s.whatsapp.net","event_type":"qr","timestamp":"2025-09-03T11:29:19.586355244+07:00","data":{"code":"2@1YBYaQEyGD6vt2UG3SdhCfWsjqDNx6+arjx1ylPDSfL4tYipoNSqYOw09J4ytG6atjrWxIBhI3o3IWde1dmRqeaJYZbMydqsw+8=,oW3l9pZm3WhWhXsY5CLSsMZKBJzlDYSqgW1M/YZZVRc=,lquEgc9IbBbmz3iKS7rfdg3Z7/xSpn/MXqjqsC1apEo=,tTDKfg+0C2/2ulPY2djhEAyG+poSzVdFrqSrU3/pBz0="}}
2025-09-03 11:29:19.589 - INFO - 0793174e-f6dd-4811-bc58-40d7dd19015f - Message acknowledged
2025-09-03 11:29:22.623 - INFO - cd7da757-b68c-4347-b781-7ddb8d5cf1b6 - Received message: {"event_id":"c194a3cc-ebb0-4fef-a545-af0652f5ecf6","sender_jid":"6289513689096:47@s.whatsapp.net","event_type":"pair_success","timestamp":"2025-09-03T11:29:22.622285883+07:00","data":{"account_jid":"cf93d43c-6c70-4739-a73a-7beee236a1b6@s.whatsapp.net","device_info":{"ID":"6289513689096:47@s.whatsapp.net","LID":"167069949632675:47@lid","BusinessName":"Hehe","Platform":"smba"},"phone_number":"6289513689096"}}
2025-09-03 11:29:22.630 - INFO - cd7da757-b68c-4347-b781-7ddb8d5cf1b6 - Message acknowledged
2025-09-03 11:29:35.021 - INFO - 5e3a7ee7-72cc-4236-bb4a-3f411a3ade19 - Received message: {"event_id":"922b18d9-f209-46da-8cd1-e9cef2dc12ee","sender_jid":"cf93d43c-6c70-4739-a73a-7beee236a1b6@s.whatsapp.net","event_type":"connected","timestamp":"2025-09-03T11:29:35.019925744+07:00","data":{"status":"connected"}}
2025-09-03 11:29:35.021 - INFO - 5e3a7ee7-72cc-4236-bb4a-3f411a3ade19 - Message acknowledged
2025-09-03 11:29:42.074 - INFO - ad7ecd88-3e36-41d3-9f1c-d502aeee0972 - Received message: {"event_id":"8e09b722-4ada-42f1-88fe-25ddec155e45","sender_jid":"cf93d43c-6c70-4739-a73a-7beee236a1b6@s.whatsapp.net","event_type":"message","timestamp":"2025-09-03T11:29:42.073047529+07:00","data":{"sender":"6289513689096@s.whatsapp.net","message_type":"text","content":"Unknown message type","metadata":{"chat":"6289513689096@s.whatsapp.net","from_me":true,"message_id":"D2E1434451253E437E82F464CD4A0A89","timestamp":1756873905}}}
2025-09-03 11:29:42.076 - INFO - ad7ecd88-3e36-41d3-9f1c-d502aeee0972 - Message acknowledged
2025-09-03 11:29:42.771 - INFO - cb57f6ee-94a4-4a1e-9a7d-56e54871dd3e - Received message: {"event_id":"34fe9bf3-aa6f-4360-83f4-ecb24c09f0da","sender_jid":"cf93d43c-6c70-4739-a73a-7beee236a1b6@s.whatsapp.net","event_type":"message","timestamp":"2025-09-03T11:29:42.770156057+07:00","data":{"sender":"6289513689096@s.whatsapp.net","message_type":"text","content":"Unknown message type","metadata":{"chat":"6289513689096@s.whatsapp.net","from_me":true,"message_id":"BCE758BE08FDF2846D3FD61F16D8D45C","timestamp":1756873906}}}
2025-09-03 11:29:42.772 - INFO - cb57f6ee-94a4-4a1e-9a7d-56e54871dd3e - Message acknowledged
2025-09-03 11:29:43.641 - INFO - 696ecc5f-af28-4169-bd67-5b1455e48d6e - Received message: {"event_id":"da376d5a-3369-4af7-98f4-e3e14b09aa12","sender_jid":"cf93d43c-6c70-4739-a73a-7beee236a1b6@s.whatsapp.net","event_type":"message","timestamp":"2025-09-03T11:29:43.641318794+07:00","data":{"sender":"6289513689096@s.whatsapp.net","message_type":"text","content":"Unknown message type","metadata":{"chat":"6289513689096@s.whatsapp.net","from_me":true,"message_id":"058771B40CE512543F8B13102BAC0242","timestamp":1756873909}}}
2025-09-03 11:29:43.643 - INFO - 696ecc5f-af28-4169-bd67-5b1455e48d6e - Message acknowledged
2025-09-03 11:29:44.388 - INFO - c28319f4-a406-435a-840c-8f664e7dd698 - Received message: {"event_id":"b2a801e1-8b99-4970-a4af-f18affadddef","sender_jid":"cf93d43c-6c70-4739-a73a-7beee236a1b6@s.whatsapp.net","event_type":"message","timestamp":"2025-09-03T11:29:44.3869546+07:00","data":{"sender":"6289513689096@s.whatsapp.net","message_type":"text","content":"Unknown message type","metadata":{"chat":"6289513689096@s.whatsapp.net","from_me":true,"message_id":"1DECFBCA6A80FA662EBF3F64497F7693","timestamp":1756873909}}}
2025-09-03 11:29:44.389 - INFO - c28319f4-a406-435a-840c-8f664e7dd698 - Message acknowledged
2025-09-03 11:29:45.140 - INFO - 96830b95-5f2b-468d-aced-9175299855a1 - Received message: {"event_id":"7b2cc830-bb46-4381-ac82-30a170579e6c","sender_jid":"cf93d43c-6c70-4739-a73a-7beee236a1b6@s.whatsapp.net","event_type":"message","timestamp":"2025-09-03T11:29:45.139245831+07:00","data":{"sender":"6289513689096@s.whatsapp.net","message_type":"text","content":"Unknown message type","metadata":{"chat":"6289513689096@s.whatsapp.net","from_me":true,"message_id":"9D0FB90B8A0B850A682A2BF752B11584","timestamp":1756873909}}}
2025-09-03 11:29:45.142 - INFO - 96830b95-5f2b-468d-aced-9175299855a1 - Message acknowledged
2025-09-03 11:29:45.945 - INFO - ffe565d4-dbdf-441d-912a-1856c1c5e97e - Received message: {"event_id":"2a105726-4a23-4025-ba01-326d15d3e3ff","sender_jid":"cf93d43c-6c70-4739-a73a-7beee236a1b6@s.whatsapp.net","event_type":"message","timestamp":"2025-09-03T11:29:45.944051562+07:00","data":{"sender":"6289513689096@s.whatsapp.net","message_type":"text","content":"Unknown message type","metadata":{"chat":"6289513689096@s.whatsapp.net","from_me":true,"message_id":"A113E6CBCFD19037846CBFC4ACBD2C54","timestamp":1756873910}}}
2025-09-03 11:29:45.947 - INFO - ffe565d4-dbdf-441d-912a-1856c1c5e97e - Message acknowledged
2025-09-03 11:29:49.263 - INFO - 3f0662b2-9a81-449d-8bce-cca1bd83136e - Received message: {"event_id":"10302a55-aa40-4e04-af36-50dc16adaed1","sender_jid":"cf93d43c-6c70-4739-a73a-7beee236a1b6@s.whatsapp.net","event_type":"message","timestamp":"2025-09-03T11:29:49.26053976+07:00","data":{"sender":"6289513689096@s.whatsapp.net","message_type":"text","content":"Unknown message type","metadata":{"chat":"6289513689096@s.whatsapp.net","from_me":true,"message_id":"FF61AA654BB7DEB7A7890C766D9F3CD2","timestamp":1756873927}}}
2025-09-03 11:29:49.265 - INFO - 3f0662b2-9a81-449d-8bce-cca1bd83136e - Message acknowledged
2025-09-03 11:31:37.872 - INFO - MAIN - Receiving signal: interrupt
2025-09-03 11:31:37.873 - INFO - MAIN - Successfully stop Application.
2025-09-03 11:37:48.316 - INFO - MAIN - Application started
2025-09-03 11:37:48.322 - INFO - MAIN - Successfully creating consumer for queue: event_handler.events
2025-09-03 11:37:48.324 - INFO - MAIN - Successfully creating consumer for queue: message.events
2025-09-03 11:37:48.325 - INFO - MAIN - Successfully creating consumer for queue: qr_handler.events
2025-09-03 11:37:58.983 - INFO - c09e7656-ee6c-4d9b-8032-442ef41fbaca - Received message: {"event_id":"7451403b-d1ad-4280-86ce-66e2c9f57af6","sender_jid":"cf93d43c-6c70-4739-a73a-7beee236a1b6@s.whatsapp.net","event_type":"qr","timestamp":"2025-09-03T11:37:58.981533331+07:00","data":{"code":"2@mRD8gtpUUzZmwQ19uR+9XIzD1WafbAJXp5YePlDdPqVoK5OY8CFujHLYoacDArWoHUrMSN9SFhv5vp/UniDR5ZHV6dlwdmcart4=,kblRuQ8r8gUr4hEVGyCiFIdvFvKcjEvaYipdfan4HUo=,my1nn5wd+L9Zs/w063O6A4eDf+zVQ8IBMrMDMaLbbwY=,t/gfQHaDq6getYeAB6gQq3ZqQoEg2AmwsfRNNqlP+1Y="}}
2025-09-03 11:37:58.983 - INFO - b90dff84-a5d1-41ff-8209-ed2cec13eead - Received message: {"event_id":"2443262d-60fc-4a2a-b5ed-e9ee6cec33a6","sender_jid":"cf93d43c-6c70-4739-a73a-7beee236a1b6@s.whatsapp.net","event_type":"qr","timestamp":"2025-09-03T11:37:58.980892217+07:00","data":{"code":"2@mRD8gtpUUzZmwQ19uR+9XIzD1WafbAJXp5YePlDdPqVoK5OY8CFujHLYoacDArWoHUrMSN9SFhv5vp/UniDR5ZHV6dlwdmcart4=,kblRuQ8r8gUr4hEVGyCiFIdvFvKcjEvaYipdfan4HUo=,my1nn5wd+L9Zs/w063O6A4eDf+zVQ8IBMrMDMaLbbwY=,t/gfQHaDq6getYeAB6gQq3ZqQoEg2AmwsfRNNqlP+1Y="}}
2025-09-03 11:37:59.217 - INFO - c09e7656-ee6c-4d9b-8032-442ef41fbaca - Message acknowledged
2025-09-03 11:37:59.491 - INFO - b90dff84-a5d1-41ff-8209-ed2cec13eead - Message acknowledged
2025-09-03 11:38:34.935 - INFO - 2ca32c27-960d-4052-b654-69f40f6a52bd - Received message: {"event_id":"e102f2cb-f639-4879-b9dd-25528c9a5eb9","sender_jid":"cf93d43c-6c70-4739-a73a-7beee236a1b6@s.whatsapp.net","event_type":"message","timestamp":"2025-09-03T11:38:34.932470885+07:00","data":{"sender":"6289513689096@s.whatsapp.net","message_type":"text","content":"Unknown message type","metadata":{"chat":"6289513689096@s.whatsapp.net","from_me":true,"message_id":"E9302A61DF0DA60E37283D213B8CD841","timestamp":1756874452}}}
2025-09-03 11:38:35.123 - INFO - 2ca32c27-960d-4052-b654-69f40f6a52bd - Message acknowledged
2025-09-03 11:38:35.213 - INFO - 73708e89-64be-4ada-9da0-523121d4728a - Received message: {"event_id":"4b125396-7355-42b3-90b2-5ac41e3d5c79","sender_jid":"6289513689096:46@s.whatsapp.net","event_type":"disconnected","timestamp":"2025-09-03T11:38:35.213904843+07:00","data":{"status":"disconnected","reason":"disconnected"}}
2025-09-03 11:38:35.284 - INFO - 73708e89-64be-4ada-9da0-523121d4728a - Message acknowledged
2025-09-03 11:38:35.703 - INFO - 13b05cea-ba4f-4614-b351-9eeb9635002c - Received message: {"event_id":"4d9052da-2dbd-4c44-b310-45981a37f312","sender_jid":"6289513689096:46@s.whatsapp.net","event_type":"message","timestamp":"2025-09-03T11:38:35.70198172+07:00","data":{"sender":"6289513689096@s.whatsapp.net","message_type":"text","content":"Unknown message type","metadata":{"chat":"6289513689096@s.whatsapp.net","from_me":true,"message_id":"E408EB9EA2D74162B75889AEE35D18E7","timestamp":1756874452}}}
2025-09-03 11:38:35.766 - INFO - ba6afca6-697d-44bf-b06f-e6fcc3043117 - Received message: {"event_id":"c9323296-24dc-4565-a0ba-45529a979e32","sender_jid":"6289513689096:46@s.whatsapp.net","event_type":"logged_out","timestamp":"2025-09-03T11:38:35.766025024+07:00","data":{"status":"logged_out"}}
2025-09-03 11:38:35.782 - INFO - 13b05cea-ba4f-4614-b351-9eeb9635002c - Message acknowledged
2025-09-03 11:38:35.944 - INFO - ba6afca6-697d-44bf-b06f-e6fcc3043117 - Message acknowledged
2025-09-03 11:38:36.609 - INFO - 0e619bef-0007-4b44-b4f9-0b6f871b48d7 - Received message: {"event_id":"67856c69-62ad-43f1-9af0-57972f6b4bd2","sender_jid":"cf93d43c-6c70-4739-a73a-7beee236a1b6@s.whatsapp.net","event_type":"message","timestamp":"2025-09-03T11:38:36.608692119+07:00","data":{"sender":"6289513689096@s.whatsapp.net","message_type":"text","content":"Unknown message type","metadata":{"chat":"6289513689096@s.whatsapp.net","from_me":true,"message_id":"24FEA1CCBC19629BBCB887BB87E2B6F7","timestamp":1756874454}}}
2025-09-03 11:38:36.685 - INFO - 0e619bef-0007-4b44-b4f9-0b6f871b48d7 - Message acknowledged
2025-09-03 11:38:40.382 - INFO - b1e7f216-9230-42d2-950c-4e2fe42eabd6 - Received message: {"event_id":"62d73228-aee5-42e9-b9f3-2b0f370ad572","sender_jid":"cf93d43c-6c70-4739-a73a-7beee236a1b6@s.whatsapp.net","event_type":"logged_out","timestamp":"2025-09-03T11:38:40.381340128+07:00","data":{"status":"logged_out"}}
2025-09-03 11:38:40.687 - INFO - b1e7f216-9230-42d2-950c-4e2fe42eabd6 - Message acknowledged
2025-09-03 11:38:58.982 - INFO - 110602a5-7acd-4194-bd78-d31256238961 - Received message: {"event_id":"a4dff42e-deae-4f9e-8ad6-1e1965fec97a","sender_jid":"cf93d43c-6c70-4739-a73a-7beee236a1b6@s.whatsapp.net","event_type":"qr","timestamp":"2025-09-03T11:38:58.982249615+07:00","data":{"code":"2@f71oBl96IeBBuQEFrUPh2d0xodFZc+lVoF9XV43g7r3h7ok3ZttFLkEcNweFp9wM9YxHlF9nSHR246uCsCSSISI43H9RbOIAafs=,kblRuQ8r8gUr4hEVGyCiFIdvFvKcjEvaYipdfan4HUo=,my1nn5wd+L9Zs/w063O6A4eDf+zVQ8IBMrMDMaLbbwY=,t/gfQHaDq6getYeAB6gQq3ZqQoEg2AmwsfRNNqlP+1Y="}}
2025-09-03 11:38:59.116 - INFO - 110602a5-7acd-4194-bd78-d31256238961 - Message acknowledged
2025-09-03 11:39:08.077 - INFO - db635664-12b3-4fa0-a5fc-a8c25b5e9aa2 - Received message: {"event_id":"3370e663-d5e3-416f-9727-1489ed408def","sender_jid":"cf93d43c-6c70-4739-a73a-7beee236a1b6@s.whatsapp.net","event_type":"qr","timestamp":"2025-09-03T11:39:08.076646576+07:00","data":{"code":"2@XjZM4COnHRXlWrVYesl001qWpa0K86PvecDgCr7bscIfBiLQm52ZZiu8owSVC+xrN9SL7KHUFmdVgjsKFfNwGAGvLic4QtKoM/o=,373dSVejU4+N7EHO07pEHRj/+kna/sQ3PVMFZyPE9RM=,ZaB5z+Y8nEwoqKubvcWSegCBhX4r5CQgbQZmO41fmEo=,EjNqPx92zE4okTmUOqlRvPVByLtikTh6V7PJYvn14pQ="}}
2025-09-03 11:39:08.079 - INFO - d5c8ca03-8214-4ffa-ab4b-efc55f2814eb - Received message: {"event_id":"895d951b-604d-4e62-bce5-2f50caf3eed5","sender_jid":"cf93d43c-6c70-4739-a73a-7beee236a1b6@s.whatsapp.net","event_type":"qr","timestamp":"2025-09-03T11:39:08.075940109+07:00","data":{"code":"2@XjZM4COnHRXlWrVYesl001qWpa0K86PvecDgCr7bscIfBiLQm52ZZiu8owSVC+xrN9SL7KHUFmdVgjsKFfNwGAGvLic4QtKoM/o=,373dSVejU4+N7EHO07pEHRj/+kna/sQ3PVMFZyPE9RM=,ZaB5z+Y8nEwoqKubvcWSegCBhX4r5CQgbQZmO41fmEo=,EjNqPx92zE4okTmUOqlRvPVByLtikTh6V7PJYvn14pQ="}}
2025-09-03 11:39:08.244 - INFO - d5c8ca03-8214-4ffa-ab4b-efc55f2814eb - Message acknowledged
2025-09-03 11:39:08.245 - INFO - db635664-12b3-4fa0-a5fc-a8c25b5e9aa2 - Message acknowledged
2025-09-03 11:39:15.305 - INFO - e43a7b43-e32d-4d4a-95aa-2607d641d080 - Received message: {"event_id":"f094d21d-f186-4226-9ca0-10eb96677e88","sender_jid":"6289513689096:48@s.whatsapp.net","event_type":"pair_success","timestamp":"2025-09-03T11:39:15.302541775+07:00","data":{"account_jid":"cf93d43c-6c70-4739-a73a-7beee236a1b6@s.whatsapp.net","device_info":{"ID":"6289513689096:48@s.whatsapp.net","LID":"167069949632675:48@lid","BusinessName":"Hehe","Platform":"smba"},"phone_number":"6289513689096"}}
2025-09-03 11:39:15.462 - INFO - e43a7b43-e32d-4d4a-95aa-2607d641d080 - Message acknowledged
2025-09-03 11:39:28.708 - INFO - 959e02e8-afa0-46a4-8b67-57649e3fb77c - Received message: {"event_id":"04b9aadd-8f31-4feb-9086-2cff0e82965a","sender_jid":"cf93d43c-6c70-4739-a73a-7beee236a1b6@s.whatsapp.net","event_type":"connected","timestamp":"2025-09-03T11:39:28.70774253+07:00","data":{"status":"connected"}}
2025-09-03 11:39:28.861 - INFO - 959e02e8-afa0-46a4-8b67-57649e3fb77c - Message acknowledged
2025-09-03 11:39:35.675 - INFO - 66269d94-16bc-4a2c-bea2-a1cbc02ff41a - Received message: {"event_id":"d94626e5-93dc-4c38-8013-7cc7f8d7a7ec","sender_jid":"cf93d43c-6c70-4739-a73a-7beee236a1b6@s.whatsapp.net","event_type":"message","timestamp":"2025-09-03T11:39:35.674024045+07:00","data":{"sender":"6289513689096@s.whatsapp.net","message_type":"text","content":"Unknown message type","metadata":{"chat":"6289513689096@s.whatsapp.net","from_me":true,"message_id":"CC67900261051D9D15D693D9539CE7C7","timestamp":1756874498}}}
2025-09-03 11:39:35.822 - INFO - 66269d94-16bc-4a2c-bea2-a1cbc02ff41a - Message acknowledged
2025-09-03 11:39:36.345 - INFO - 62f17ee8-7969-4aa5-bccc-4dd3176ffebc - Received message: {"event_id":"786d0dbb-6fc8-49e9-af01-c47d0bffe08f","sender_jid":"cf93d43c-6c70-4739-a73a-7beee236a1b6@s.whatsapp.net","event_type":"message","timestamp":"2025-09-03T11:39:36.343117243+07:00","data":{"sender":"6289513689096@s.whatsapp.net","message_type":"text","content":"Unknown message type","metadata":{"chat":"6289513689096@s.whatsapp.net","from_me":true,"message_id":"CAE4ED19EBB3F53A6270BB23A53CF196","timestamp":1756874498}}}
2025-09-03 11:39:36.432 - INFO - 62f17ee8-7969-4aa5-bccc-4dd3176ffebc - Message acknowledged
2025-09-03 11:39:37.075 - INFO - 007653bd-8899-46a4-ac3e-e6beadff953d - Received message: {"event_id":"3110f856-e232-4ba8-a056-2dd5cc56ef06","sender_jid":"cf93d43c-6c70-4739-a73a-7beee236a1b6@s.whatsapp.net","event_type":"message","timestamp":"2025-09-03T11:39:37.074125345+07:00","data":{"sender":"6289513689096@s.whatsapp.net","message_type":"text","content":"Unknown message type","metadata":{"chat":"6289513689096@s.whatsapp.net","from_me":true,"message_id":"D5A5708CBE1C2908A0DB02CCBDF70017","timestamp":1756874500}}}
2025-09-03 11:39:37.188 - INFO - 007653bd-8899-46a4-ac3e-e6beadff953d - Message acknowledged
2025-09-03 11:39:37.724 - INFO - 9e1c2c91-75fd-46e3-8abd-62993761a5b8 - Received message: {"event_id":"3749aa90-86f6-482a-8519-cd4cffc5a072","sender_jid":"cf93d43c-6c70-4739-a73a-7beee236a1b6@s.whatsapp.net","event_type":"message","timestamp":"2025-09-03T11:39:37.723573812+07:00","data":{"sender":"6289513689096@s.whatsapp.net","message_type":"text","content":"Unknown message type","metadata":{"chat":"6289513689096@s.whatsapp.net","from_me":true,"message_id":"DEB32C0A719BE891B559E8D65FBAF18C","timestamp":1756874500}}}
2025-09-03 11:39:37.799 - INFO - 9e1c2c91-75fd-46e3-8abd-62993761a5b8 - Message acknowledged
2025-09-03 11:39:38.342 - INFO - 6408ec2c-baab-4cd3-85d7-6924d1b758b4 - Received message: {"event_id":"4d534846-88fb-4260-935f-556ebe8db002","sender_jid":"cf93d43c-6c70-4739-a73a-7beee236a1b6@s.whatsapp.net","event_type":"message","timestamp":"2025-09-03T11:39:38.341430077+07:00","data":{"sender":"6289513689096@s.whatsapp.net","message_type":"text","content":"Unknown message type","metadata":{"chat":"6289513689096@s.whatsapp.net","from_me":true,"message_id":"1780F186492B15C0141F02109A765FEC","timestamp":1756874500}}}
2025-09-03 11:39:38.419 - INFO - 6408ec2c-baab-4cd3-85d7-6924d1b758b4 - Message acknowledged
2025-09-03 11:39:39.004 - INFO - 049c453e-ec67-4153-bcd9-9fe23e939571 - Received message: {"event_id":"5890806b-178e-4e53-9c5f-38fc28e61cee","sender_jid":"cf93d43c-6c70-4739-a73a-7beee236a1b6@s.whatsapp.net","event_type":"message","timestamp":"2025-09-03T11:39:39.004119838+07:00","data":{"sender":"6289513689096@s.whatsapp.net","message_type":"text","content":"Unknown message type","metadata":{"chat":"6289513689096@s.whatsapp.net","from_me":true,"message_id":"F2CB178F51E1D5F2B510A905977E42B6","timestamp":1756874501}}}
2025-09-03 11:39:39.080 - INFO - 049c453e-ec67-4153-bcd9-9fe23e939571 - Message acknowledged
2025-09-03 11:39:40.362 - INFO - bd501fdb-0ec2-4768-a7f9-f962da51ed05 - Received message: {"event_id":"45eeb776-67b3-4319-9ac8-c0a8360e859d","sender_jid":"cf93d43c-6c70-4739-a73a-7beee236a1b6@s.whatsapp.net","event_type":"message","timestamp":"2025-09-03T11:39:40.36220393+07:00","data":{"sender":"6289513689096@s.whatsapp.net","message_type":"text","content":"Unknown message type","metadata":{"chat":"6289513689096@s.whatsapp.net","from_me":true,"message_id":"E9A1456E7420FA7814203D971A0CF63D","timestamp":1756874518}}}
2025-09-03 11:39:40.548 - INFO - bd501fdb-0ec2-4768-a7f9-f962da51ed05 - Message acknowledged
2025-09-03 11:42:56.271 - INFO - MAIN - Receiving signal: interrupt
2025-09-03 11:42:56.274 - INFO - MAIN - Successfully stop Application.
