2025-08-11 09:21:53.409 - INFO - MAIN - Receiving signal: interrupt
2025-08-11 09:21:53.420 - INFO - MAIN - Successfully stop Application.
2025-08-11 09:22:05.019 - INFO - MAIN - Application started
2025-08-11 09:22:05.034 - INFO - MAIN - Successfully creating consumer for queue: event_handler.events
2025-08-11 09:22:05.038 - INFO - MAIN - Successfully creating consumer for queue: qr_handler.events
2025-08-11 09:28:47.106 - INFO - 15a3c6b6-ed5f-422f-88cc-da5ff9bf3ef8 - Received message: {"event_id":"1195e762-6406-496e-af65-134286d397ce","device_id":"6289513689096:40@s.whatsapp.net","event_type":"connected","timestamp":"2025-08-11T09:28:47.0923892+07:00","data":{"status":"connected"}}
2025-08-11 09:28:47.307 - INFO - 15a3c6b6-ed5f-422f-88cc-da5ff9bf3ef8 - Event connected for device 6289513689096:40@s.whatsapp.net saved
2025-08-11 09:28:47.310 - INFO - 15a3c6b6-ed5f-422f-88cc-da5ff9bf3ef8 - Message acknowledged
2025-08-11 09:31:37.564 - INFO - 9153b2db-0f3b-4554-a822-bccc346305b3 - Received message: {"event_id":"84af9796-4cf7-4e30-a08f-fd6b39038d70","device_id":"6289513689096:40@s.whatsapp.net","event_type":"connected","timestamp":"2025-08-11T09:31:37.5598925+07:00","data":{"status":"connected"}}
2025-08-11 09:31:37.656 - INFO - 9153b2db-0f3b-4554-a822-bccc346305b3 - Event connected for device 6289513689096:40@s.whatsapp.net saved
2025-08-11 09:31:37.657 - INFO - 9153b2db-0f3b-4554-a822-bccc346305b3 - Message acknowledged
2025-08-11 09:33:16.303 - INFO - b76803dc-c694-4d6d-bbae-ac1ed1860261 - Received message: {"event_id":"e1e5af7d-83db-4cca-8297-deff8d527f0f","device_id":"officia cupidatat@s.whatsapp.net","event_type":"qr","timestamp":"2025-08-11T09:33:16.2951727+07:00","data":{"codes":"2@WC7XPw3zQh77JGtQ1rLP9HZ+dUXr77D82MWhChjDBgJXv81iSOurdZXLLA3ssvLgt5R01Wb+pv2N4toYJqXzn+9+xm8KaQquHxM=,fJ0pI+Sci/Tw/JOr0doo9ppU683gfUuZ+uyMGlsV7UE=,5dKGvtkeFljf5aBE0JcqNBNyGTftu1cC3TRTFkLaajk=,NimU6/5w8vJez1Plm9PtdGl1YerZkAYs46L6g2wpy5Q="}}
2025-08-11 09:33:16.306 - INFO - f471fa54-27f8-456b-b7c2-6a9cbc66a8d9 - Received message: {"event_id":"0b52671f-f09f-4594-8129-87121b76e9a2","device_id":"officia cupidatat@s.whatsapp.net","event_type":"qr","timestamp":"2025-08-11T09:33:16.2968144+07:00","data":{"codes":"2@WC7XPw3zQh77JGtQ1rLP9HZ+dUXr77D82MWhChjDBgJXv81iSOurdZXLLA3ssvLgt5R01Wb+pv2N4toYJqXzn+9+xm8KaQquHxM=,fJ0pI+Sci/Tw/JOr0doo9ppU683gfUuZ+uyMGlsV7UE=,5dKGvtkeFljf5aBE0JcqNBNyGTftu1cC3TRTFkLaajk=,NimU6/5w8vJez1Plm9PtdGl1YerZkAYs46L6g2wpy5Q="}}
2025-08-11 09:33:16.347 - INFO - b76803dc-c694-4d6d-bbae-ac1ed1860261 - QR event for device officia cupidatat@s.whatsapp.net saved to redis
2025-08-11 09:33:16.351 - INFO - b76803dc-c694-4d6d-bbae-ac1ed1860261 - Message acknowledged
2025-08-11 09:33:16.373 - INFO - f471fa54-27f8-456b-b7c2-6a9cbc66a8d9 - QR event for device officia cupidatat@s.whatsapp.net saved to redis
2025-08-11 09:33:16.373 - INFO - f471fa54-27f8-456b-b7c2-6a9cbc66a8d9 - Message acknowledged
2025-08-11 09:34:16.301 - INFO - b6587fe5-681a-4733-b258-f213407310e0 - Received message: {"event_id":"28043be1-ff73-4001-bb65-3bba850cab5c","device_id":"officia cupidatat@s.whatsapp.net","event_type":"qr","timestamp":"2025-08-11T09:34:16.297094+07:00","data":{"codes":"2@Lm5DjkhwpCiK7FdCi1961W5obOD8QIo2AYQU2Ztkf9kifLjfYrboLEHIj74HSvf0sOoJwdP1kqqeAWGCNnzBu0vDQ8AQO6PBrr0=,fJ0pI+Sci/Tw/JOr0doo9ppU683gfUuZ+uyMGlsV7UE=,5dKGvtkeFljf5aBE0JcqNBNyGTftu1cC3TRTFkLaajk=,NimU6/5w8vJez1Plm9PtdGl1YerZkAYs46L6g2wpy5Q="}}
2025-08-11 09:34:16.311 - INFO - b6587fe5-681a-4733-b258-f213407310e0 - QR event for device officia cupidatat@s.whatsapp.net saved to redis
2025-08-11 09:34:16.312 - INFO - b6587fe5-681a-4733-b258-f213407310e0 - Message acknowledged
2025-08-11 09:34:36.302 - INFO - 2b729606-4219-489f-a0d4-2a597b52e3b5 - Received message: {"event_id":"7c07c335-54cf-454e-9ed9-82be668c4685","device_id":"officia cupidatat@s.whatsapp.net","event_type":"qr","timestamp":"2025-08-11T09:34:36.2983249+07:00","data":{"codes":"2@lGEhYkuB6nlyFQFBIP9rxcUXa+7l0GOCHFfOzeVmG92WocU4C3XfVH6dn1bbo0qj2ZgxhEzWO3mawkcPmWKvURyqPffZl14UwZE=,fJ0pI+Sci/Tw/JOr0doo9ppU683gfUuZ+uyMGlsV7UE=,5dKGvtkeFljf5aBE0JcqNBNyGTftu1cC3TRTFkLaajk=,NimU6/5w8vJez1Plm9PtdGl1YerZkAYs46L6g2wpy5Q="}}
2025-08-11 09:34:36.309 - INFO - 2b729606-4219-489f-a0d4-2a597b52e3b5 - QR event for device officia cupidatat@s.whatsapp.net saved to redis
2025-08-11 09:34:36.310 - INFO - 2b729606-4219-489f-a0d4-2a597b52e3b5 - Message acknowledged
2025-08-11 09:34:56.306 - INFO - d312f45d-a128-4868-b2cc-3b5ee5cfc4d2 - Received message: {"event_id":"8e4b6ed2-f37c-46ca-b4df-c105972c4afc","device_id":"officia cupidatat@s.whatsapp.net","event_type":"qr","timestamp":"2025-08-11T09:34:56.2994159+07:00","data":{"codes":"2@1efERLpWciBl0I801Q1lSQ7bIZRdRYw5wECbS7GqYUfSywqJNvl+gOAW5zaN2x/yx2skNL+iGe8Xs+Q8fMfOeitR02N1BlRFx3o=,fJ0pI+Sci/Tw/JOr0doo9ppU683gfUuZ+uyMGlsV7UE=,5dKGvtkeFljf5aBE0JcqNBNyGTftu1cC3TRTFkLaajk=,NimU6/5w8vJez1Plm9PtdGl1YerZkAYs46L6g2wpy5Q="}}
2025-08-11 09:34:56.315 - INFO - d312f45d-a128-4868-b2cc-3b5ee5cfc4d2 - QR event for device officia cupidatat@s.whatsapp.net saved to redis
2025-08-11 09:34:56.316 - INFO - d312f45d-a128-4868-b2cc-3b5ee5cfc4d2 - Message acknowledged
2025-08-11 09:35:16.303 - INFO - 9dedd4a7-598b-47f1-848e-c01544197082 - Received message: {"event_id":"30896a3b-222e-49c3-82e6-28a53110564d","device_id":"officia cupidatat@s.whatsapp.net","event_type":"qr","timestamp":"2025-08-11T09:35:16.2993844+07:00","data":{"codes":"2@MB+05TnDHI1qoBlOd66yLOwf/q8iQJp4DxK/BQVOLjsJ/K/YWTHvT2CDQETi5XbdlCyls507SXw53nsIvcYHFCcvDGC1PBEWOhM=,fJ0pI+Sci/Tw/JOr0doo9ppU683gfUuZ+uyMGlsV7UE=,5dKGvtkeFljf5aBE0JcqNBNyGTftu1cC3TRTFkLaajk=,NimU6/5w8vJez1Plm9PtdGl1YerZkAYs46L6g2wpy5Q="}}
2025-08-11 09:35:16.310 - INFO - 9dedd4a7-598b-47f1-848e-c01544197082 - QR event for device officia cupidatat@s.whatsapp.net saved to redis
2025-08-11 09:35:16.311 - INFO - 9dedd4a7-598b-47f1-848e-c01544197082 - Message acknowledged
2025-08-11 09:35:36.305 - INFO - 584240f9-8291-43b3-8509-4ae8a3b4e1f4 - Received message: {"event_id":"5c017b4e-d00f-469d-9e06-866e9f64316f","device_id":"officia cupidatat@s.whatsapp.net","event_type":"qr","timestamp":"2025-08-11T09:35:36.3013045+07:00","data":{"codes":"2@lmTHOoLE0GN+VIQFer+xopdff8YfSQV0LRmjZiXjgf9BqxZWR663KLEYPkFvUzI6sMysp9m4JtItAOO7UX0CQw77lmUSznISkCs=,fJ0pI+Sci/Tw/JOr0doo9ppU683gfUuZ+uyMGlsV7UE=,5dKGvtkeFljf5aBE0JcqNBNyGTftu1cC3TRTFkLaajk=,NimU6/5w8vJez1Plm9PtdGl1YerZkAYs46L6g2wpy5Q="}}
2025-08-11 09:35:36.315 - INFO - 584240f9-8291-43b3-8509-4ae8a3b4e1f4 - QR event for device officia cupidatat@s.whatsapp.net saved to redis
2025-08-11 09:35:36.315 - INFO - 584240f9-8291-43b3-8509-4ae8a3b4e1f4 - Message acknowledged
2025-08-11 09:38:32.517 - INFO - 59792bb4-5704-4e86-a4da-5a451bada083 - Received message: {"event_id":"d06f4915-1270-451d-9111-456475394b3c","device_id":"6289513689096:40@s.whatsapp.net","event_type":"connected","timestamp":"2025-08-11T09:38:32.507615+07:00","data":{"status":"connected"}}
2025-08-11 09:38:32.573 - INFO - 59792bb4-5704-4e86-a4da-5a451bada083 - Event connected for device 6289513689096:40@s.whatsapp.net saved
2025-08-11 09:38:32.575 - INFO - 59792bb4-5704-4e86-a4da-5a451bada083 - Message acknowledged
2025-08-11 09:39:16.689 - INFO - MAIN - Receiving signal: interrupt
2025-08-11 09:39:16.691 - INFO - MAIN - Successfully stop Application.
2025-08-11 09:39:27.179 - INFO - MAIN - Application started
2025-08-11 09:39:27.188 - INFO - MAIN - Successfully creating consumer for queue: event_handler.events
2025-08-11 09:39:27.191 - INFO - MAIN - Successfully creating consumer for queue: qr_handler.events
2025-08-11 09:39:46.535 - INFO - 427cd340-bade-4c8c-80eb-b10b26b06868 - Received message: {"event_id":"513292e4-1a07-488f-9a6d-fde0f0bbd371","device_id":"officia cupidatat@s.whatsapp.net","event_type":"qr","timestamp":"2025-08-11T09:39:46.5305823+07:00","data":{"code":"2@3p3qghofL0wnCY4e/J8C2KFgBxDQzkp6lr+LK/U/lQgOOOYPrWE2xICXRSQUcaqkhcKsVhJbEmZr7lOpoA8zdGtTVQYTyDq9zh4=,5c6Dpryv4zUIoC4xy8XPLhrTJN3Eo+UD/JVso6W3YA0=,TImgCBHxuXVJW/C4S9TZnZAskVcF12zNlkX4bFYIyQQ=,c4ajUPUxSua+Q7BR+BYfJxdyuTZcWeJ7MMg16fdPH24="}}
2025-08-11 09:39:46.540 - INFO - 591f4ebe-f77b-436f-9711-4160bd1749e9 - Received message: {"event_id":"a63f6954-0c84-447c-bd53-dbe997bcfb3b","device_id":"officia cupidatat@s.whatsapp.net","event_type":"qr","timestamp":"2025-08-11T09:39:46.5331667+07:00","data":{"code":"2@3p3qghofL0wnCY4e/J8C2KFgBxDQzkp6lr+LK/U/lQgOOOYPrWE2xICXRSQUcaqkhcKsVhJbEmZr7lOpoA8zdGtTVQYTyDq9zh4=,5c6Dpryv4zUIoC4xy8XPLhrTJN3Eo+UD/JVso6W3YA0=,TImgCBHxuXVJW/C4S9TZnZAskVcF12zNlkX4bFYIyQQ=,c4ajUPUxSua+Q7BR+BYfJxdyuTZcWeJ7MMg16fdPH24="}}
2025-08-11 09:39:46.540 - INFO - 427cd340-bade-4c8c-80eb-b10b26b06868 - QR event for device officia cupidatat@s.whatsapp.net saved to redis
2025-08-11 09:39:46.540 - INFO - 427cd340-bade-4c8c-80eb-b10b26b06868 - Message acknowledged
2025-08-11 09:39:46.546 - INFO - 591f4ebe-f77b-436f-9711-4160bd1749e9 - QR event for device officia cupidatat@s.whatsapp.net saved to redis
2025-08-11 09:39:46.548 - INFO - 591f4ebe-f77b-436f-9711-4160bd1749e9 - Message acknowledged
2025-08-11 09:40:46.538 - INFO - 1f6608c8-d0f1-4f58-a708-a9c482c471aa - Received message: {"event_id":"3b221d28-289f-4ef7-9471-2e74f1d0979d","device_id":"officia cupidatat@s.whatsapp.net","event_type":"qr","timestamp":"2025-08-11T09:40:46.5337468+07:00","data":{"code":"2@JBqNlhn9XjWstTrySWNOoQuTG5LTb7wP9FRoRAPyhFjpFqwNh5ejDhlL0IfspmKL5IkBwwh3TEs5NIKp0sSYWJLcM/81GovHqGc=,5c6Dpryv4zUIoC4xy8XPLhrTJN3Eo+UD/JVso6W3YA0=,TImgCBHxuXVJW/C4S9TZnZAskVcF12zNlkX4bFYIyQQ=,c4ajUPUxSua+Q7BR+BYfJxdyuTZcWeJ7MMg16fdPH24="}}
2025-08-11 09:40:46.544 - INFO - 1f6608c8-d0f1-4f58-a708-a9c482c471aa - QR event for device officia cupidatat@s.whatsapp.net saved to redis
2025-08-11 09:40:46.547 - INFO - 1f6608c8-d0f1-4f58-a708-a9c482c471aa - Message acknowledged
2025-08-11 09:41:06.539 - INFO - 717e4211-98a3-49fd-abf8-e69aa488e44a - Received message: {"event_id":"69d0ba5f-7b91-48bd-a426-d11b9231b8e6","device_id":"officia cupidatat@s.whatsapp.net","event_type":"qr","timestamp":"2025-08-11T09:41:06.5348151+07:00","data":{"code":"2@s5gW5Osu2T+WAPzl/i9qyhyjdIKD1cGXadjw2czXumxtZiRJDhRMJVUf0QRk01RW7XAr2beV5sqErvUUB+B55qjo2CRm0x2a2s4=,5c6Dpryv4zUIoC4xy8XPLhrTJN3Eo+UD/JVso6W3YA0=,TImgCBHxuXVJW/C4S9TZnZAskVcF12zNlkX4bFYIyQQ=,c4ajUPUxSua+Q7BR+BYfJxdyuTZcWeJ7MMg16fdPH24="}}
2025-08-11 09:41:06.545 - INFO - 717e4211-98a3-49fd-abf8-e69aa488e44a - QR event for device officia cupidatat@s.whatsapp.net saved to redis
2025-08-11 09:41:06.547 - INFO - 717e4211-98a3-49fd-abf8-e69aa488e44a - Message acknowledged
2025-08-11 09:41:26.541 - INFO - 044fe46e-6417-49cd-b036-0c44dcea027a - Received message: {"event_id":"265a790b-74db-4e7b-bb9e-0ba38c430c13","device_id":"officia cupidatat@s.whatsapp.net","event_type":"qr","timestamp":"2025-08-11T09:41:26.535562+07:00","data":{"code":"2@Cn6ADtREwS2zz4ocgCSih67FN1Bu0EVlPpavsbWIvMfE3I0cKdPSM2xcYULynoDFCeLMz9p/5il+6lANfpsJZXPmvoqTH5IENHo=,5c6Dpryv4zUIoC4xy8XPLhrTJN3Eo+UD/JVso6W3YA0=,TImgCBHxuXVJW/C4S9TZnZAskVcF12zNlkX4bFYIyQQ=,c4ajUPUxSua+Q7BR+BYfJxdyuTZcWeJ7MMg16fdPH24="}}
2025-08-11 09:41:26.549 - INFO - 044fe46e-6417-49cd-b036-0c44dcea027a - QR event for device officia cupidatat@s.whatsapp.net saved to redis
2025-08-11 09:41:26.549 - INFO - 044fe46e-6417-49cd-b036-0c44dcea027a - Message acknowledged
2025-08-11 09:41:46.539 - INFO - 76189351-6017-4e1b-94c2-645bea300ad8 - Received message: {"event_id":"aa8ebe4e-26d5-47b6-99c5-577de1718b9c","device_id":"officia cupidatat@s.whatsapp.net","event_type":"qr","timestamp":"2025-08-11T09:41:46.5355744+07:00","data":{"code":"2@JGoPIEGgmkkotTdGQvxxVzy7q9H+D2Z+oxfYh9FmfodvhmmKOTw/JqAoM3eXbKJeVJ/06pcVd6FHg12cE86Fze3xCQ6fME1mzZs=,5c6Dpryv4zUIoC4xy8XPLhrTJN3Eo+UD/JVso6W3YA0=,TImgCBHxuXVJW/C4S9TZnZAskVcF12zNlkX4bFYIyQQ=,c4ajUPUxSua+Q7BR+BYfJxdyuTZcWeJ7MMg16fdPH24="}}
2025-08-11 09:41:46.546 - INFO - 76189351-6017-4e1b-94c2-645bea300ad8 - QR event for device officia cupidatat@s.whatsapp.net saved to redis
2025-08-11 09:41:46.548 - INFO - 76189351-6017-4e1b-94c2-645bea300ad8 - Message acknowledged
2025-08-11 09:42:06.542 - INFO - 4a363bf0-0bed-4763-8bcc-c867289f13e4 - Received message: {"event_id":"5e2aad52-f688-4dbb-b756-93b4d5e66291","device_id":"officia cupidatat@s.whatsapp.net","event_type":"qr","timestamp":"2025-08-11T09:42:06.5359436+07:00","data":{"code":"2@QdH4ExV1YQJu5Y5aURsb0gQR4noGq9oIXx4pGQT3s85Yhsi2dJTp9j3PwLRu4CkCbpIE+65AiYmASZ4FOSFZwrGHrB6qzcRns5g=,5c6Dpryv4zUIoC4xy8XPLhrTJN3Eo+UD/JVso6W3YA0=,TImgCBHxuXVJW/C4S9TZnZAskVcF12zNlkX4bFYIyQQ=,c4ajUPUxSua+Q7BR+BYfJxdyuTZcWeJ7MMg16fdPH24="}}
2025-08-11 09:42:06.548 - INFO - 4a363bf0-0bed-4763-8bcc-c867289f13e4 - QR event for device officia cupidatat@s.whatsapp.net saved to redis
2025-08-11 09:42:06.549 - INFO - 4a363bf0-0bed-4763-8bcc-c867289f13e4 - Message acknowledged
2025-08-11 09:46:10.949 - INFO - c5456f32-e04b-420e-9b4f-6d63c81869c1 - Received message: {"event_id":"681b8e90-3a4d-4088-8340-615252fb8b5e","device_id":"6289513689096:40@s.whatsapp.net","event_type":"receipt","timestamp":"2025-08-11T09:46:10.9420976+07:00","data":{"message_ids":["3EB0EE66BC94E2A70C9EDE"],"sender":"6282335685138@s.whatsapp.net","timestamp":1754880478}}
2025-08-11 09:46:11.043 - INFO - c5456f32-e04b-420e-9b4f-6d63c81869c1 - Event receipt for device 6289513689096:40@s.whatsapp.net saved
2025-08-11 09:46:11.045 - INFO - c5456f32-e04b-420e-9b4f-6d63c81869c1 - Message acknowledged
2025-08-11 09:46:12.340 - INFO - dc5e79fe-a0b9-48d0-a35d-a600abadaca9 - Received message: {"event_id":"51123dc4-c1d0-457d-8e86-12145f5ef20d","device_id":"6289513689096:40@s.whatsapp.net","event_type":"receipt","timestamp":"2025-08-11T09:46:12.3304739+07:00","data":{"message_ids":["3EB0EE66BC94E2A70C9EDE"],"sender":"6282335685138:35@s.whatsapp.net","timestamp":1754880480}}
2025-08-11 09:46:12.393 - INFO - dc5e79fe-a0b9-48d0-a35d-a600abadaca9 - Event receipt for device 6289513689096:40@s.whatsapp.net saved
2025-08-11 09:46:12.395 - INFO - dc5e79fe-a0b9-48d0-a35d-a600abadaca9 - Message acknowledged
2025-08-11 09:47:37.673 - INFO - eaa336df-9aee-4aa4-94ff-e48423619f95 - Received message: {"event_id":"653ca102-6e45-4e00-886c-383e3f3963a3","device_id":"6289513689096:40@s.whatsapp.net","event_type":"receipt","timestamp":"2025-08-11T09:47:37.6671945+07:00","data":{"message_ids":["3EB0EE66BC94E2A70C9EDE"],"sender":"6282335685138@s.whatsapp.net","timestamp":1754880565}}
2025-08-11 09:47:37.766 - INFO - eaa336df-9aee-4aa4-94ff-e48423619f95 - Event receipt for device 6289513689096:40@s.whatsapp.net saved
2025-08-11 09:47:37.775 - INFO - eaa336df-9aee-4aa4-94ff-e48423619f95 - Message acknowledged
2025-08-11 09:47:40.287 - INFO - 95ff632e-2a6f-48d0-ab99-b48c04f1ae2a - Received message: {"event_id":"ab6053ee-5e2c-4e83-bd5b-f83e3b0809a4","device_id":"6289513689096:40@s.whatsapp.net","event_type":"message","timestamp":"2025-08-11T09:47:40.280276+07:00","data":{"sender":"6282335685138@s.whatsapp.net","message_type":"text","content":"oke","metadata":{"chat":"6282335685138@s.whatsapp.net","from_me":false,"message_id":"3A52411316F8F27EFF10","timestamp":1754880567}}}
2025-08-11 09:47:40.394 - INFO - 95ff632e-2a6f-48d0-ab99-b48c04f1ae2a - Inbound event for device 6289513689096:40@s.whatsapp.net saved
2025-08-11 09:47:40.395 - INFO - 95ff632e-2a6f-48d0-ab99-b48c04f1ae2a - Message acknowledged
2025-08-11 09:47:44.927 - INFO - 739c74ea-cb11-4f2f-b21f-be374e556235 - Received message: {"event_id":"3821ee7d-0942-499f-8485-94797c3f7cb5","device_id":"6289513689096:40@s.whatsapp.net","event_type":"receipt","timestamp":"2025-08-11T09:47:44.9217374+07:00","data":{"message_ids":["3EB0EE66BC94E2A70C9EDE"],"sender":"6289513689096@s.whatsapp.net","timestamp":1754880572}}
2025-08-11 09:47:44.987 - INFO - 739c74ea-cb11-4f2f-b21f-be374e556235 - Event receipt for device 6289513689096:40@s.whatsapp.net saved
2025-08-11 09:47:44.987 - INFO - 739c74ea-cb11-4f2f-b21f-be374e556235 - Message acknowledged
2025-08-11 09:49:18.967 - INFO - e3ed3b7f-1639-4fd7-9dab-090dc2608069 - Received message: {"event_id":"294a0368-5587-4703-ab17-bd7161ae3977","device_id":"6289513689096:40@s.whatsapp.net","event_type":"message","timestamp":"2025-08-11T09:49:18.9528058+07:00","data":{"sender":"6282335685138@s.whatsapp.net","message_type":"image","metadata":{"chat":"6282335685138@s.whatsapp.net","from_me":false,"message_id":"3A57B6779CB9E8FD6311","timestamp":1754880666},"mime_type":"image/jpeg","file_size":1226825}}
2025-08-11 09:49:19.017 - INFO - e3ed3b7f-1639-4fd7-9dab-090dc2608069 - Inbound event for device 6289513689096:40@s.whatsapp.net saved
2025-08-11 09:49:19.018 - INFO - e3ed3b7f-1639-4fd7-9dab-090dc2608069 - Message acknowledged
2025-08-11 09:50:00.194 - INFO - 3c75b93e-9eb9-43df-aa89-9bdbeea076b7 - Received message: {"event_id":"f294a68c-51ac-44d6-8b93-20fb0ebf1a7e","device_id":"6289513689096:40@s.whatsapp.net","event_type":"receipt","timestamp":"2025-08-11T09:50:00.1875316+07:00","data":{"message_ids":["3EB0EE66BC94E2A70C9EDE"],"sender":"6282335685138:35@s.whatsapp.net","timestamp":1754880707}}
2025-08-11 09:50:00.237 - INFO - 3c75b93e-9eb9-43df-aa89-9bdbeea076b7 - Event receipt for device 6289513689096:40@s.whatsapp.net saved
2025-08-11 09:50:00.238 - INFO - 3c75b93e-9eb9-43df-aa89-9bdbeea076b7 - Message acknowledged
2025-08-11 09:50:05.046 - INFO - 1dd3de4a-0ee4-4210-a428-83ebf267ef1e - Received message: {"event_id":"f2daab52-407c-4aa6-91c7-85a97bc0c96d","device_id":"6289513689096:40@s.whatsapp.net","event_type":"message","timestamp":"2025-08-11T09:50:05.0427816+07:00","data":{"sender":"6282335685138@s.whatsapp.net","message_type":"text","content":"ini","metadata":{"chat":"6282335685138@s.whatsapp.net","from_me":false,"message_id":"3A2DCFA072D4CD242D70","timestamp":1754880712}}}
2025-08-11 09:50:05.103 - INFO - 1dd3de4a-0ee4-4210-a428-83ebf267ef1e - Inbound event for device 6289513689096:40@s.whatsapp.net saved
2025-08-11 09:50:05.104 - INFO - 1dd3de4a-0ee4-4210-a428-83ebf267ef1e - Message acknowledged
2025-08-11 09:50:30.790 - INFO - 1fa5f17f-33c1-4528-8b81-7b5b365e57fd - Received message: {"event_id":"f9313ece-3aa2-4e81-8fe1-3c9b51fe1f81","device_id":"6289513689096:40@s.whatsapp.net","event_type":"receipt","timestamp":"2025-08-11T09:50:30.7863657+07:00","data":{"message_ids":["3A2DCFA072D4CD242D70","3A57B6779CB9E8FD6311","3A52411316F8F27EFF10","26BB01ED57848BD4BCEC7C1DEBEE5D95"],"sender":"6289513689096@s.whatsapp.net","timestamp":1754880738}}
2025-08-11 09:50:30.842 - INFO - 1fa5f17f-33c1-4528-8b81-7b5b365e57fd - Event receipt for device 6289513689096:40@s.whatsapp.net saved
2025-08-11 09:50:30.845 - INFO - 1fa5f17f-33c1-4528-8b81-7b5b365e57fd - Message acknowledged
2025-08-11 10:39:49.949 - INFO - 4645ba73-d13d-4158-8efd-ca14e8379673 - Received message: {"event_id":"35f59e68-5a74-45be-9d28-69d289d8def1","device_id":"6289513689096:40@s.whatsapp.net","event_type":"receipt","timestamp":"2025-08-11T10:39:49.9449418+07:00","data":{"message_ids":["3EB0EE66BC94E2A70C9EDE"],"sender":"6282335685138:34@s.whatsapp.net","timestamp":1754883697}}
2025-08-11 10:39:50.008 - INFO - 4645ba73-d13d-4158-8efd-ca14e8379673 - Event receipt for device 6289513689096:40@s.whatsapp.net saved
2025-08-11 10:39:50.009 - INFO - 4645ba73-d13d-4158-8efd-ca14e8379673 - Message acknowledged
2025-08-11 10:40:50.943 - INFO - MAIN - Receiving signal: interrupt
2025-08-11 10:40:50.954 - INFO - MAIN - Successfully stop Application.
2025-08-11 10:41:02.210 - INFO - MAIN - Application started
2025-08-11 10:41:02.224 - INFO - MAIN - Successfully creating consumer for queue: event_handler.events
2025-08-11 10:41:02.228 - INFO - MAIN - Successfully creating consumer for queue: qr_handler.events
2025-08-11 10:42:09.779 - INFO - 05dde48e-c14b-4b48-9ff7-2d3932ddbe1d - Received message: {"event_id":"cf4c8e20-8c81-4e70-8f35-7b5e7ef1621d","device_id":"6289513689096:40@s.whatsapp.net","event_type":"disconnected","timestamp":"2025-08-11T10:42:09.7754732+07:00","data":{"status":"disconnected","reason":"disconnected"}}
2025-08-11 10:42:29.030 - INFO - 05dde48e-c14b-4b48-9ff7-2d3932ddbe1d - Message acknowledged
2025-08-11 10:42:30.248 - INFO - 9128cadc-ffc8-441f-9e22-201e95778cc4 - Received message: {"event_id":"c1b007c8-d338-4e4a-908f-353e8008be20","device_id":"6289513689096:40@s.whatsapp.net","event_type":"connected","timestamp":"2025-08-11T10:42:30.2439452+07:00","data":{"status":"connected"}}
2025-08-11 10:42:30.252 - INFO - 9128cadc-ffc8-441f-9e22-201e95778cc4 - Message acknowledged
2025-08-11 11:09:32.146 - INFO - MAIN - Receiving signal: interrupt
2025-08-11 11:09:32.150 - INFO - MAIN - Successfully stop Application.
