2025-09-15 11:11:03.873 - ERROR - MAIN - Failed connect to Redis: failed to connect to redis: dial tcp 127.0.0.1:6379: connectex: No connection could be made because the target machine actively refused it.
2025-09-15 11:16:44.830 - ERROR - 5d3172c7-ce98-4bdd-9e14-f1db9a33169c - Failed to get account from database: no rows in result set
2025-09-15 11:16:44.835 - ERROR - 5d3172c7-ce98-4bdd-9e14-f1db9a33169c - Failed to process queue: no rows in result set
2025-09-15 11:16:45.003 - ERROR - f4defda4-d4ad-4f6f-b14a-5e62f87cd6ce - Failed to get account from database: no rows in result set
2025-09-15 11:16:45.005 - ERROR - f4defda4-d4ad-4f6f-b14a-5e62f87cd6ce - Failed to process queue: no rows in result set
2025-09-15 11:16:45.079 - ERROR - 2a86a160-66ec-4825-9995-ca73858814db - Failed to get account from database: no rows in result set
2025-09-15 11:16:45.080 - ERROR - 2a86a160-66ec-4825-9995-ca73858814db - Failed to process queue: no rows in result set
2025-09-15 11:16:45.082 - ERROR - 777cc10a-9685-44a5-8aa1-d3d3846d9007 - Failed to get account from database: no rows in result set
2025-09-15 11:16:45.083 - ERROR - 777cc10a-9685-44a5-8aa1-d3d3846d9007 - Failed to process queue: no rows in result set
2025-09-15 11:16:45.088 - ERROR - 2c275a2f-bfa0-46db-a1d7-e7b17d116e8d - Failed to get account from database: no rows in result set
2025-09-15 11:16:45.089 - ERROR - 2c275a2f-bfa0-46db-a1d7-e7b17d116e8d - Failed to process queue: no rows in result set
2025-09-15 11:16:45.115 - ERROR - 7d9952dd-32a9-4a4f-88cd-1836c71b08f9 - Failed to get account from database: no rows in result set
2025-09-15 11:16:45.115 - ERROR - 7d9952dd-32a9-4a4f-88cd-1836c71b08f9 - Failed to process queue: no rows in result set
2025-09-15 11:16:45.202 - ERROR - 350dca6d-a6b6-44f2-a126-5b154329ee72 - Failed to get account from database: no rows in result set
2025-09-15 11:16:45.203 - ERROR - 350dca6d-a6b6-44f2-a126-5b154329ee72 - Failed to process queue: no rows in result set
2025-09-15 11:16:45.244 - ERROR - e9231308-0417-4d8e-a555-26ff8231dd9c - Failed to get account from database: no rows in result set
2025-09-15 11:16:45.245 - ERROR - e9231308-0417-4d8e-a555-26ff8231dd9c - Failed to process queue: no rows in result set
2025-09-15 11:16:45.258 - ERROR - 2d4cdf05-c229-49ee-8861-1aa2d074d19c - Failed to get account from database: no rows in result set
2025-09-15 11:16:45.258 - ERROR - 2d4cdf05-c229-49ee-8861-1aa2d074d19c - Failed to process queue: no rows in result set
2025-09-15 11:16:45.273 - ERROR - 99fb0b40-a753-4aa8-ac15-e70225ee3ca0 - Failed to get account from database: no rows in result set
2025-09-15 11:16:45.273 - ERROR - 99fb0b40-a753-4aa8-ac15-e70225ee3ca0 - Failed to process queue: no rows in result set
2025-09-15 11:16:45.274 - ERROR - 4739d785-38bf-470f-afb8-e8bbcc59e427 - Failed to get account from database: no rows in result set
2025-09-15 11:16:45.274 - ERROR - 4739d785-38bf-470f-afb8-e8bbcc59e427 - Failed to process queue: no rows in result set
2025-09-15 11:16:45.274 - ERROR - b4e86af6-d431-41e6-9e11-078b7d37e8c9 - Failed to get account from database: no rows in result set
2025-09-15 11:16:45.274 - ERROR - b4e86af6-d431-41e6-9e11-078b7d37e8c9 - Failed to process queue: no rows in result set
2025-09-15 11:18:28.700 - ERROR - 34970427-aff5-4c3a-bb08-8dde85d580df - Failed save message receipt: ERROR: duplicate key value violates unique constraint "message_receipts_pkey" (SQLSTATE 23505)
2025-09-15 11:18:28.700 - ERROR - 34970427-aff5-4c3a-bb08-8dde85d580df - Failed to process queue: ERROR: duplicate key value violates unique constraint "message_receipts_pkey" (SQLSTATE 23505)
2025-09-15 11:18:39.821 - ERROR - 9a8593f2-d45a-4964-a599-c2f8ebbd6e2e - Failed save message receipt: ERROR: duplicate key value violates unique constraint "message_receipts_pkey" (SQLSTATE 23505)
2025-09-15 11:18:39.822 - ERROR - 9a8593f2-d45a-4964-a599-c2f8ebbd6e2e - Failed to process queue: ERROR: duplicate key value violates unique constraint "message_receipts_pkey" (SQLSTATE 23505)
